// Jest Snapshot v1, https://goo.gl/fbAQLP

exports[`entriesActions should match snapshot 1`] = `
Object {
  "getEntriesLength": [Function],
}
`;

exports[`entriesInitialState should match snapshot 1`] = `
Object {
  "entries": Object {},
  "entryIdsByQuery": Array [],
  "error": "",
  "hasNext": false,
  "hasPrevious": false,
  "isLoading": true,
  "searchQuery": "",
  "selectedId": null,
  "status": "Connecting...",
  "zeroId": null,
  "zeroTime": null,
}
`;

exports[`entriesSelectors should match snapshot 1`] = `
Object {
  "getEntriesLength": [Function],
}
`;
