// Jest Snapshot v1, https://goo.gl/fbAQLP

exports[`presetsInitialState should match snapshot 1`] = `
Object {
  "presets": Object {},
  "selectedPresetId": null,
}
`;

exports[`presetsSelectors should match snapshot 1`] = `
Object {
  "getActiveHooks": [Function],
  "getHookIds": [Function],
}
`;
